******************************************************************************
                  TI ARM Linker PC v18.12.4                    
******************************************************************************
>> Linked Mon Feb 27 18:48:18 2023

OUTPUT FILE NAME:   <WerthanFinalProject.out>
ENTRY POINT SYMBOL: "_c_int00_noargs"  address: 00000dcd


MEMORY CONFIGURATION

         name            origin    length      used     unused   attr    fill
----------------------  --------  ---------  --------  --------  ----  --------
  FLASH                 00000000   00040000  000011c0  0003ee40  R  X
  SRAM                  20000000   00008000  000005f4  00007a0c  RW X


SEGMENT ALLOCATION MAP

run origin  load origin   length   init length attrs members
----------  ----------- ---------- ----------- ----- -------
00000000    00000000    000011c0   000011c0    r-x
  00000000    00000000    0000026c   0000026c    r-- .intvecs
  0000026c    0000026c    00000cf4   00000cf4    r-x .text
  00000f60    00000f60    00000208   00000208    r-- .const
  00001168    00001168    00000058   00000058    r-- .cinit
20000000    20000000    000005f8   00000000    rw-
  20000000    20000000    0000026c   00000000    rw- .vtable
  20000270    20000270    00000200   00000000    rw- .stack
  20000470    20000470    00000134   00000000    rw- .bss
  200005a4    200005a4    00000054   00000000    rw- .data


SECTION ALLOCATION MAP

 output                                  attributes/
section   page    origin      length       input sections
--------  ----  ----------  ----------   ----------------
.intvecs   0    00000000    0000026c     
                  00000000    0000026c     tm4c123gh6pm_startup_ccs.obj (.intvecs)

.text      0    0000026c    00000cf4     
                  0000026c    000005d0     main.obj (.text)
                  0000083c    00000132     driverlib.lib : gpio.obj (.text:GPIOPadConfigSet)
                  0000096e    00000002     rtsv7M4_T_le_v4SPD16_eabi.lib : _lock.c.obj (.text:_nop)
                  00000970    000000f4     driverlib.lib : sysctl.obj (.text:SysCtlClockSet)
                  00000a64    0000009c     rtsv7M4_T_le_v4SPD16_eabi.lib : memcpy_t2.asm.obj (.text)
                  00000b00    00000068     driverlib.lib : interrupt.obj (.text:IntEnable)
                  00000b68    00000068     rtsv7M4_T_le_v4SPD16_eabi.lib : copy_decompress_lzss.c.obj (.text:decompress:lzss:__TI_decompress_lzss)
                  00000bd0    00000056     driverlib.lib : gpio.obj (.text:GPIOIntTypeSet)
                  00000c26    00000002     --HOLE-- [fill = 0]
                  00000c28    00000048     rtsv7M4_T_le_v4SPD16_eabi.lib : hosttime.c.obj (.text:HOSTtime)
                  00000c70    00000044     driverlib.lib : gpio.obj (.text:_GPIOIntNumberGet)
                  00000cb4    00000044     rtsv7M4_T_le_v4SPD16_eabi.lib : autoinit.c.obj (.text:__TI_auto_init_nobinit_nopinit:__TI_auto_init_nobinit_nopinit)
                  00000cf8    00000038                                   : trgmsg.c.obj (.text:__TI_writemsg)
                  00000d30    00000034     driverlib.lib : interrupt.obj (.text:IntRegister)
                  00000d64    00000034                   : sysctl.obj (.text:SysCtlPeripheralEnable)
                  00000d98    00000034     rtsv7M4_T_le_v4SPD16_eabi.lib : trgmsg.c.obj (.text:__TI_readmsg)
                  00000dcc    00000034                                   : boot_cortex_m.c.obj (.text:_c_int00_noargs:_c_int00_noargs)
                  00000e00    00000034                                   : rand.c.obj (.text:rand)
                  00000e34    0000002a     driverlib.lib : gpio.obj (.text:GPIODirModeSet)
                  00000e5e    00000002     --HOLE-- [fill = 0]
                  00000e60    00000024     rtsv7M4_T_le_v4SPD16_eabi.lib : rand.c.obj (.text:srand)
                  00000e84    0000001c                                   : copy_zero_init.c.obj (.text:decompress:ZI:__TI_zero_init_nomemset:__TI_zero_init_nomemset)
                  00000ea0    00000018     driverlib.lib : gpio.obj (.text:GPIOIntRegister)
                  00000eb8    00000018                   : gpio.obj (.text:GPIOPinTypeGPIOOutput)
                  00000ed0    00000012                   : gpio.obj (.text:GPIOPinTypeGPIOInput)
                  00000ee2    00000010                   : interrupt.obj (.text:IntMasterEnable)
                  00000ef2    0000000e                   : gpio.obj (.text:GPIOIntStatus)
                  00000f00    0000000e     rtsv7M4_T_le_v4SPD16_eabi.lib : time.c.obj (.text:__time32)
                  00000f0e    0000000e                                   : copy_decompress_none.c.obj (.text:decompress:none:__TI_decompress_none)
                  00000f1c    0000000c     driverlib.lib : cpu.obj (.text:CPUcpsie)
                  00000f28    0000000c                   : gpio.obj (.text:GPIOIntEnable)
                  00000f34    0000000c     tm4c123gh6pm_startup_ccs.obj (.text)
                  00000f40    00000006     driverlib.lib : gpio.obj (.text:GPIOIntClear)
                  00000f46    00000006                   : gpio.obj (.text:GPIOPinRead)
                  00000f4c    00000006                   : gpio.obj (.text:GPIOPinWrite)
                  00000f52    00000006                   : sysctl.obj (.text:SysCtlDelay)
                  00000f58    00000004     rtsv7M4_T_le_v4SPD16_eabi.lib : pre_init.c.obj (.text:_system_pre_init)
                  00000f5c    00000004                                   : exit.c.obj (.text:abort:abort)

.const     0    00000f60    00000208     
                  00000f60    000000d8     driverlib.lib : gpio.obj (.const:g_ppui32GPIOIntMapSnowflake)
                  00001038    000000c0                   : gpio.obj (.const:g_ppui32GPIOIntMapBlizzard)
                  000010f8    00000070                   : interrupt.obj (.const)

.cinit     0    00001168    00000058     
                  00001168    00000022     (.cinit..data.load) [load image, compression = lzss]
                  0000118a    00000002     --HOLE-- [fill = 0]
                  0000118c    0000000c     (__TI_handler_table)
                  00001198    00000008     (.cinit..bss.load) [load image, compression = zero_init]
                  000011a0    00000008     (.cinit..vtable.load) [load image, compression = zero_init]
                  000011a8    00000018     (__TI_cinit_table)

.init_array 
*          0    00000000    00000000     UNINITIALIZED

.vtable    0    20000000    0000026c     UNINITIALIZED
                  20000000    0000026c     driverlib.lib : interrupt.obj (.vtable)

.bss       0    20000470    00000134     UNINITIALIZED
                  20000470    00000120     rtsv7M4_T_le_v4SPD16_eabi.lib : trgmsg.c.obj (.bss:_CIOBUF_)
                  20000590    00000008     (.common:parmbuf)
                  20000598    00000004     (.common:i)
                  2000059c    00000004     (.common:j)
                  200005a0    00000004     (.common:k)

.data      0    200005a4    00000054     UNINITIALIZED
                  200005a4    00000020     main.obj (.data)
                  200005c4    00000014     main.obj (.data:patternOne)
                  200005d8    00000014     main.obj (.data:userPattern)
                  200005ec    00000008     rtsv7M4_T_le_v4SPD16_eabi.lib : _lock.c.obj (.data:$O1$$)
                  200005f4    00000004                                   : rand.c.obj (.data)

.stack     0    20000270    00000200     UNINITIALIZED
                  20000270    00000004     rtsv7M4_T_le_v4SPD16_eabi.lib : boot_cortex_m.c.obj (.stack)
                  20000274    000001fc     --HOLE--

MODULE SUMMARY

       Module                         code   ro data   rw data
       ------                         ----   -------   -------
    .\
       main.obj                       1488   0         84     
       tm4c123gh6pm_startup_ccs.obj   12     620       0      
    +--+------------------------------+------+---------+---------+
       Total:                         1500   620       84     
                                                              
    C:/ti/TivaWare_C_Series-2.1.4.178/driverlib/ccs/Debug/driverlib.lib
       gpio.obj                       612    408       0      
       interrupt.obj                  172    112       620    
       sysctl.obj                     302    0         0      
       cpu.obj                        12     0         0      
    +--+------------------------------+------+---------+---------+
       Total:                         1098   520       620    
                                                              
    C:\ti\ccs930\ccs\tools\compiler\ti-cgt-arm_18.12.4.LTS\lib\rtsv7M4_T_le_v4SPD16_eabi.lib
       trgmsg.c.obj                   108    0         288    
       memcpy_t2.asm.obj              156    0         0      
       copy_decompress_lzss.c.obj     104    0         0      
       rand.c.obj                     88     0         4      
       hosttime.c.obj                 72     0         0      
       autoinit.c.obj                 68     0         0      
       boot_cortex_m.c.obj            52     0         0      
       copy_zero_init.c.obj           28     0         0      
       copy_decompress_none.c.obj     14     0         0      
       time.c.obj                     14     0         0      
       _lock.c.obj                    2      0         8      
       hostopen.c.obj                 0      0         8      
       exit.c.obj                     4      0         0      
       pre_init.c.obj                 4      0         0      
    +--+------------------------------+------+---------+---------+
       Total:                         714    0         308    
                                                              
       Stack:                         0      0         512    
       Linker Generated:              0      86        0      
    +--+------------------------------+------+---------+---------+
       Grand Total:                   3312   1226      1524   


LINKER GENERATED COPY TABLES

__TI_cinit_table @ 000011a8 records: 3, size/record: 8, table size: 24
	.data: load addr=00001168, load size=00000022 bytes, run addr=200005a4, run size=00000054 bytes, compression=lzss
	.bss: load addr=00001198, load size=00000008 bytes, run addr=20000470, run size=00000134 bytes, compression=zero_init
	.vtable: load addr=000011a0, load size=00000008 bytes, run addr=20000000, run size=0000026c bytes, compression=zero_init


LINKER GENERATED HANDLER TABLE

__TI_handler_table @ 0000118c records: 3, size/record: 4, table size: 12
	index: 0, handler: __TI_zero_init
	index: 1, handler: __TI_decompress_lzss
	index: 2, handler: __TI_decompress_none


GLOBAL SYMBOLS: SORTED ALPHABETICALLY BY Name 

address   name                          
-------   ----                          
00000f5d  C$$EXIT                       
00000d27  C$$IO$$                       
00000f1d  CPUcpsie                      
00000e35  GPIODirModeSet                
00000f41  GPIOIntClear                  
00000f29  GPIOIntEnable                 
00000ea1  GPIOIntRegister               
00000ef3  GPIOIntStatus                 
00000bd1  GPIOIntTypeSet                
0000083d  GPIOPadConfigSet              
00000f47  GPIOPinRead                   
00000ed1  GPIOPinTypeGPIOInput          
00000eb9  GPIOPinTypeGPIOOutput         
00000f4d  GPIOPinWrite                  
0000026d  GPIO_IRQHandler               
00000c29  HOSTtime                      
00000b01  IntEnable                     
00000ee3  IntMasterEnable               
00000d31  IntRegister                   
00000f35  ResetISR                      
00000971  SysCtlClockSet                
00000f53  SysCtlDelay                   
00000d65  SysCtlPeripheralEnable        
20000470  __CIOBUF_                     
20000470  __STACK_END                   
00000200  __STACK_SIZE                  
20000470  __STACK_TOP                   
000011a8  __TI_CINIT_Base               
000011c0  __TI_CINIT_Limit              
0000118c  __TI_Handler_Table_Base       
00001198  __TI_Handler_Table_Limit      
00000cb5  __TI_auto_init_nobinit_nopinit
00000b69  __TI_decompress_lzss          
00000f0f  __TI_decompress_none          
ffffffff  __TI_pprof_out_hndl           
ffffffff  __TI_prof_data_size           
ffffffff  __TI_prof_data_start          
00000d99  __TI_readmsg                  
00000000  __TI_static_base__            
00000cf9  __TI_writemsg                 
00000e85  __TI_zero_init_nomemset       
00000a65  __aeabi_memcpy                
00000a65  __aeabi_memcpy4               
00000a65  __aeabi_memcpy8               
ffffffff  __binit__                     
ffffffff  __c_args__                    
UNDEFED   __mpu_init                    
20000270  __stack                       
00000f01  __time32                      
00000dcd  _c_int00_noargs               
200005ec  _lock                         
0000096f  _nop                          
UNDEFED   _system_post_cinit            
00000f59  _system_pre_init              
200005f0  _unlock                       
00000f5d  abort                         
ffffffff  binit                         
000006cd  checkPattern                  
00000305  configure_LEDs                
00000361  configure_PF_Int              
200005bc  correctCount                  
200005c0  delaySize                     
000004b5  determineSize                 
00000555  displayPattern                
200005ac  finalMode                     
00000723  findMode                      
20000000  g_pfnRAMVectors               
00000000  g_pfnVectors                  
0000074d  gameOver                      
000004db  generatePattern               
0000065d  generateUserPattern           
20000598  i                             
200005a4  isr_flag_1                    
200005a5  isr_flag_2                    
2000059c  j                             
200005a0  k                             
000007ad  main                          
00000a65  memcpy                        
200005a8  mode                          
20000590  parmbuf                       
200005a6  patternActive                 
200005c4  patternOne                    
200005b0  patternSize                   
00000e01  rand                          
200005b4  random                        
000003c9  selectMode                    
200005a7  selectingMode                 
00000e61  srand                         
00000f01  time                          
000003a3  toggleMode                    
200005b8  userInput                     
200005d8  userPattern                   
200005b9  winner                        


GLOBAL SYMBOLS: SORTED BY Symbol Address 

address   name                          
-------   ----                          
00000000  __TI_static_base__            
00000000  g_pfnVectors                  
00000200  __STACK_SIZE                  
0000026d  GPIO_IRQHandler               
00000305  configure_LEDs                
00000361  configure_PF_Int              
000003a3  toggleMode                    
000003c9  selectMode                    
000004b5  determineSize                 
000004db  generatePattern               
00000555  displayPattern                
0000065d  generateUserPattern           
000006cd  checkPattern                  
00000723  findMode                      
0000074d  gameOver                      
000007ad  main                          
0000083d  GPIOPadConfigSet              
0000096f  _nop                          
00000971  SysCtlClockSet                
00000a65  __aeabi_memcpy                
00000a65  __aeabi_memcpy4               
00000a65  __aeabi_memcpy8               
00000a65  memcpy                        
00000b01  IntEnable                     
00000b69  __TI_decompress_lzss          
00000bd1  GPIOIntTypeSet                
00000c29  HOSTtime                      
00000cb5  __TI_auto_init_nobinit_nopinit
00000cf9  __TI_writemsg                 
00000d27  C$$IO$$                       
00000d31  IntRegister                   
00000d65  SysCtlPeripheralEnable        
00000d99  __TI_readmsg                  
00000dcd  _c_int00_noargs               
00000e01  rand                          
00000e35  GPIODirModeSet                
00000e61  srand                         
00000e85  __TI_zero_init_nomemset       
00000ea1  GPIOIntRegister               
00000eb9  GPIOPinTypeGPIOOutput         
00000ed1  GPIOPinTypeGPIOInput          
00000ee3  IntMasterEnable               
00000ef3  GPIOIntStatus                 
00000f01  __time32                      
00000f01  time                          
00000f0f  __TI_decompress_none          
00000f1d  CPUcpsie                      
00000f29  GPIOIntEnable                 
00000f35  ResetISR                      
00000f41  GPIOIntClear                  
00000f47  GPIOPinRead                   
00000f4d  GPIOPinWrite                  
00000f53  SysCtlDelay                   
00000f59  _system_pre_init              
00000f5d  C$$EXIT                       
00000f5d  abort                         
0000118c  __TI_Handler_Table_Base       
00001198  __TI_Handler_Table_Limit      
000011a8  __TI_CINIT_Base               
000011c0  __TI_CINIT_Limit              
20000000  g_pfnRAMVectors               
20000270  __stack                       
20000470  __CIOBUF_                     
20000470  __STACK_END                   
20000470  __STACK_TOP                   
20000590  parmbuf                       
20000598  i                             
2000059c  j                             
200005a0  k                             
200005a4  isr_flag_1                    
200005a5  isr_flag_2                    
200005a6  patternActive                 
200005a7  selectingMode                 
200005a8  mode                          
200005ac  finalMode                     
200005b0  patternSize                   
200005b4  random                        
200005b8  userInput                     
200005b9  winner                        
200005bc  correctCount                  
200005c0  delaySize                     
200005c4  patternOne                    
200005d8  userPattern                   
200005ec  _lock                         
200005f0  _unlock                       
ffffffff  __TI_pprof_out_hndl           
ffffffff  __TI_prof_data_size           
ffffffff  __TI_prof_data_start          
ffffffff  __binit__                     
ffffffff  __c_args__                    
ffffffff  binit                         
UNDEFED   __mpu_init                    
UNDEFED   _system_post_cinit            

[93 symbols]
